printf with no args
printf arg1: 1
printf arg1: 1 arg2: 2
puts
malloced array
filled mallloced array: {42, 17}
